../../TouchGFX/gui/include/gui/config_screen/configPresenter.hpp:28:13:configPresenter::~configPresenter()	0	static
C:/TouchGFXProjects/test3/4F-Fish_Farmer/MyApplication/TouchGFX/gui/src/config_screen/configPresenter.cpp:10:6:virtual void configPresenter::activate()	0	static
../../TouchGFX/gui/include/gui/config_screen/configPresenter.hpp:28:13:virtual configPresenter::~configPresenter()	8	static
../../TouchGFX/gui/include/gui/config_screen/configPresenter.hpp:28:13:virtual void* configPresenter::_ZThn4_N15configPresenterD1Ev()	0	static
C:/TouchGFXProjects/test3/4F-Fish_Farmer/MyApplication/TouchGFX/gui/src/config_screen/configPresenter.cpp:4:1:configPresenter::configPresenter(configView&)	0	static
