../../Middlewares/ST/touchgfx/framework/include/touchgfx/Screen.hpp:104:18:virtual void touchgfx::Screen::afterTransition()	0	static
../../Middlewares/ST/touchgfx/framework/include/touchgfx/Screen.hpp:144:18:virtual void touchgfx::Screen::handleTickEvent()	0	static
../../Middlewares/ST/touchgfx/framework/include/touchgfx/Screen.hpp:154:18:virtual void touchgfx::Screen::handleKeyEvent(uint8_t)	0	static
C:/TouchGFXProjects/test3/4F-Fish_Farmer/MyApplication/TouchGFX/gui/src/config_screen/configView.cpp:13:6:virtual void configView::tearDownScreen()	0	static
../../TouchGFX/gui/include/gui/config_screen/configView.hpp:11:13:configView::~configView()	8	static
../../TouchGFX/gui/include/gui/config_screen/configView.hpp:11:13:virtual configView::~configView()	8	static
C:/TouchGFXProjects/test3/4F-Fish_Farmer/MyApplication/TouchGFX/gui/src/config_screen/configView.cpp:3:1:configView::configView()	8	static
C:/TouchGFXProjects/test3/4F-Fish_Farmer/MyApplication/TouchGFX/gui/src/config_screen/configView.cpp:8:6:virtual void configView::setupScreen()	0	static
