../../TouchGFX/gui/include/gui/main_screen/MainPresenter.hpp:28:13:MainPresenter::~MainPresenter()	0	static
C:/TouchGFXProjects/test3/4F-Fish_Farmer/MyApplication/TouchGFX/gui/src/main_screen/MainPresenter.cpp:13:6:virtual void MainPresenter::activate()	0	static
../../TouchGFX/gui/include/gui/main_screen/MainPresenter.hpp:28:13:virtual MainPresenter::~MainPresenter()	8	static
../../TouchGFX/gui/include/gui/main_screen/MainPresenter.hpp:28:13:virtual void* MainPresenter::_ZThn4_N13MainPresenterD1Ev()	0	static
C:/TouchGFXProjects/test3/4F-Fish_Farmer/MyApplication/TouchGFX/gui/src/main_screen/MainPresenter.cpp:7:1:MainPresenter::MainPresenter(MainView&)	0	static
