../../Middlewares/ST/touchgfx/framework/include/touchgfx/Screen.hpp:104:18:virtual void touchgfx::Screen::afterTransition()	0	static
../../Middlewares/ST/touchgfx/framework/include/touchgfx/Screen.hpp:154:18:virtual void touchgfx::Screen::handleKeyEvent(uint8_t)	0	static
C:/TouchGFXProjects/test3/4F-Fish_Farmer/MyApplication/TouchGFX/gui/src/main_screen/MainView.cpp:26:6:virtual void MainView::tearDownScreen()	0	static
C:/TouchGFXProjects/test3/4F-Fish_Farmer/MyApplication/TouchGFX/gui/src/main_screen/MainView.cpp:31:6:virtual void MainView::handleTickEvent()	0	static
../../TouchGFX/gui/include/gui/main_screen/MainView.hpp:11:13:MainView::~MainView()	8	static
../../TouchGFX/gui/include/gui/main_screen/MainView.hpp:11:13:virtual MainView::~MainView()	8	static
C:/TouchGFXProjects/test3/4F-Fish_Farmer/MyApplication/TouchGFX/gui/src/main_screen/MainView.cpp:13:1:MainView::MainView()	8	static
C:/TouchGFXProjects/test3/4F-Fish_Farmer/MyApplication/TouchGFX/gui/src/main_screen/MainView.cpp:47:6:void MainView::update_text(const uint8_t*, uint16_t)	0	static
C:/TouchGFXProjects/test3/4F-Fish_Farmer/MyApplication/TouchGFX/gui/src/main_screen/MainView.cpp:18:6:virtual void MainView::setupScreen()	0	static
