../../TouchGFX/gui/include/gui/main_screen/MainPresenter.hpp:28:13:MainPresenter::~MainPresenter()	0	static
C:/TouchGFXProjects/test2/4F-Fish_Farmer/MyApplication/TouchGFX/gui/src/main_screen/MainPresenter.cpp:19:6:virtual void MainPresenter::activate()	0	static
../../TouchGFX/gui/include/gui/main_screen/MainPresenter.hpp:28:13:virtual MainPresenter::~MainPresenter()	8	static
C:/TouchGFXProjects/test2/4F-Fish_Farmer/MyApplication/TouchGFX/gui/src/main_screen/MainPresenter.cpp:29:6:virtual void MainPresenter::con_sh_bc()	0	static
C:/TouchGFXProjects/test2/4F-Fish_Farmer/MyApplication/TouchGFX/gui/src/main_screen/MainPresenter.cpp:34:6:virtual void MainPresenter::tick()	24	static
../../TouchGFX/gui/include/gui/main_screen/MainPresenter.hpp:28:13:virtual void* MainPresenter::_ZThn4_N13MainPresenterD1Ev()	0	static
C:/TouchGFXProjects/test2/4F-Fish_Farmer/MyApplication/TouchGFX/gui/src/main_screen/MainPresenter.cpp:13:1:MainPresenter::MainPresenter(MainView&)	0	static
