../../Middlewares/ST/touchgfx/framework/include/touchgfx/Screen.hpp:104:18:virtual void touchgfx::Screen::afterTransition()	0	static
../../Middlewares/ST/touchgfx/framework/include/touchgfx/Screen.hpp:144:18:virtual void touchgfx::Screen::handleTickEvent()	0	static
../../Middlewares/ST/touchgfx/framework/include/touchgfx/Screen.hpp:154:18:virtual void touchgfx::Screen::handleKeyEvent(uint8_t)	0	static
C:/test/4F-Fish_Farmer/MyApplication/TouchGFX/gui/src/motor_screen/motorView.cpp:13:6:virtual void motorView::tearDownScreen()	0	static
../../TouchGFX/gui/include/gui/motor_screen/motorView.hpp:11:13:motorView::~motorView()	8	static
../../TouchGFX/gui/include/gui/motor_screen/motorView.hpp:11:13:virtual motorView::~motorView()	8	static
C:/test/4F-Fish_Farmer/MyApplication/TouchGFX/gui/src/motor_screen/motorView.cpp:3:1:motorView::motorView()	8	static
C:/test/4F-Fish_Farmer/MyApplication/TouchGFX/gui/src/motor_screen/motorView.cpp:8:6:virtual void motorView::setupScreen()	0	static
