../../Middlewares/ST/touchgfx/framework/include/touchgfx/Screen.hpp:104:18:virtual void touchgfx::Screen::afterTransition()	0	static
../../Middlewares/ST/touchgfx/framework/include/touchgfx/Screen.hpp:154:18:virtual void touchgfx::Screen::handleKeyEvent(uint8_t)	0	static
C:/TouchGFXProjects/test3/4F-Fish_Farmer/MyApplication/TouchGFX/gui/src/sensor_screen/sensorView.cpp:16:6:virtual void sensorView::handleTickEvent()	0	static
C:/TouchGFXProjects/test3/4F-Fish_Farmer/MyApplication/TouchGFX/gui/src/sensor_screen/sensorView.cpp:21:6:virtual void sensorView::tearDownScreen()	0	static
../../TouchGFX/gui/include/gui/sensor_screen/sensorView.hpp:11:13:sensorView::~sensorView()	8	static
../../TouchGFX/gui/include/gui/sensor_screen/sensorView.hpp:11:13:virtual sensorView::~sensorView()	8	static
C:/TouchGFXProjects/test3/4F-Fish_Farmer/MyApplication/TouchGFX/gui/src/sensor_screen/sensorView.cpp:6:1:sensorView::sensorView()	8	static
C:/TouchGFXProjects/test3/4F-Fish_Farmer/MyApplication/TouchGFX/gui/src/sensor_screen/sensorView.cpp:11:6:virtual void sensorView::setupScreen()	0	static
C:/TouchGFXProjects/test3/4F-Fish_Farmer/MyApplication/TouchGFX/gui/src/sensor_screen/sensorView.cpp:26:6:void sensorView::s1_update_text(const char*, uint16_t)	16	static
C:/TouchGFXProjects/test3/4F-Fish_Farmer/MyApplication/TouchGFX/gui/src/sensor_screen/sensorView.cpp:33:6:void sensorView::s2_update_text(const char*, uint16_t)	16	static
C:/TouchGFXProjects/test3/4F-Fish_Farmer/MyApplication/TouchGFX/gui/src/sensor_screen/sensorView.cpp:41:6:void sensorView::s3_update_text(const char*, uint16_t)	16	static
C:/TouchGFXProjects/test3/4F-Fish_Farmer/MyApplication/TouchGFX/gui/src/sensor_screen/sensorView.cpp:48:6:void sensorView::s4_update_text(const char*, uint16_t)	16	static
C:/TouchGFXProjects/test3/4F-Fish_Farmer/MyApplication/TouchGFX/gui/src/sensor_screen/sensorView.cpp:55:6:void sensorView::s5_update_text(const char*, uint16_t)	16	static
C:/TouchGFXProjects/test3/4F-Fish_Farmer/MyApplication/TouchGFX/gui/src/sensor_screen/sensorView.cpp:62:6:void sensorView::s1_set_color(const char*)	0	static
C:/TouchGFXProjects/test3/4F-Fish_Farmer/MyApplication/TouchGFX/gui/src/sensor_screen/sensorView.cpp:76:6:void sensorView::s2_set_color(const char*)	0	static
C:/TouchGFXProjects/test3/4F-Fish_Farmer/MyApplication/TouchGFX/gui/src/sensor_screen/sensorView.cpp:90:6:void sensorView::s3_set_color(const char*)	0	static
C:/TouchGFXProjects/test3/4F-Fish_Farmer/MyApplication/TouchGFX/gui/src/sensor_screen/sensorView.cpp:104:6:void sensorView::s5_set_color(const char*)	0	static
