C:/TouchGFXProjects/test/4F-Fish_Farmer/MyApplication/Core/Src/main.c:822:6:StartDefaultTask	8	static
C:/TouchGFXProjects/test/4F-Fish_Farmer/MyApplication/Core/Src/main.c:140:6:UART7_IRQHandler	0	static
C:/TouchGFXProjects/test/4F-Fish_Farmer/MyApplication/Core/Src/main.c:150:6:put_AT	0	static
C:/TouchGFXProjects/test/4F-Fish_Farmer/MyApplication/Core/Src/main.c:159:6:send_Hello	16	static
C:/TouchGFXProjects/test/4F-Fish_Farmer/MyApplication/Core/Src/main.c:166:6:put_ATBAUD4	16	static
C:/TouchGFXProjects/test/4F-Fish_Farmer/MyApplication/Core/Src/main.c:176:6:put_ATPIN0000	16	static
C:/TouchGFXProjects/test/4F-Fish_Farmer/MyApplication/Core/Src/main.c:186:6:put_ATNAMEHC06	24	static
C:/TouchGFXProjects/test/4F-Fish_Farmer/MyApplication/Core/Src/main.c:193:6:chk_key	8	static
C:/TouchGFXProjects/test/4F-Fish_Farmer/MyApplication/Core/Src/main.c:210:6:chk_tim	0	static
C:/TouchGFXProjects/test/4F-Fish_Farmer/MyApplication/Core/Src/main.c:840:6:BLE_Task	8	static
C:/TouchGFXProjects/test/4F-Fish_Farmer/MyApplication/Core/Src/main.c:334:6:SystemClock_Config	88	static
C:/TouchGFXProjects/test/4F-Fish_Farmer/MyApplication/Core/Src/main.c:226:5:main	120	static,ignoring_inline_asm
C:/TouchGFXProjects/test/4F-Fish_Farmer/MyApplication/Core/Src/main.c:907:6:HAL_TIM_PeriodElapsedCallback	0	static
C:/TouchGFXProjects/test/4F-Fish_Farmer/MyApplication/Core/Src/main.c:924:6:Error_Handler	0	static
