C:/TouchGFXProjects/test/4F-Fish_Farmer/MyApplication/Core/Src/main.c:726:6:StartDefaultTask	8	static
C:/TouchGFXProjects/test/4F-Fish_Farmer/MyApplication/Core/Src/main.c:744:6:BLE_Task	8	static
C:/TouchGFXProjects/test/4F-Fish_Farmer/MyApplication/Core/Src/main.c:238:6:SystemClock_Config	88	static
C:/TouchGFXProjects/test/4F-Fish_Farmer/MyApplication/Core/Src/main.c:130:5:main	120	static,ignoring_inline_asm
C:/TouchGFXProjects/test/4F-Fish_Farmer/MyApplication/Core/Src/main.c:800:6:HAL_TIM_PeriodElapsedCallback	0	static
C:/TouchGFXProjects/test/4F-Fish_Farmer/MyApplication/Core/Src/main.c:817:6:Error_Handler	0	static
