C:/test/4F-Fish_Farmer/MyApplication/Core/Src/main.cpp:733:6:void Bluetooth_Receive_Callback(uint8_t*, uint16_t)	8	static
C:/test/4F-Fish_Farmer/MyApplication/Core/Src/main.cpp:783:6:void StartDefaultTask(void*)	8	static
C:/test/4F-Fish_Farmer/MyApplication/Core/Src/main.cpp:801:6:void BLE_Task(void*)	8	static
C:/test/4F-Fish_Farmer/MyApplication/Core/Src/main.cpp:742:6:void Bluetooth_Transmit_Callback()	0	static
C:/test/4F-Fish_Farmer/MyApplication/Core/Src/main.cpp:254:6:void SystemClock_Config()	88	static
C:/test/4F-Fish_Farmer/MyApplication/Core/Src/main.cpp:143:5:int main()	120	static,ignoring_inline_asm
C:/test/4F-Fish_Farmer/MyApplication/Core/Src/main.cpp:747:6:void HAL_UART_TxCpltCallback(UART_HandleTypeDef*)	0	static
C:/test/4F-Fish_Farmer/MyApplication/Core/Src/main.cpp:757:6:void HAL_UART_RxCpltCallback(UART_HandleTypeDef*)	0	static
C:/test/4F-Fish_Farmer/MyApplication/Core/Src/main.cpp:764:6:void push_bt_button()	16	static
C:/test/4F-Fish_Farmer/MyApplication/Core/Src/main.cpp:861:6:void HAL_TIM_PeriodElapsedCallback(TIM_HandleTypeDef*)	0	static
C:/test/4F-Fish_Farmer/MyApplication/Core/Src/main.cpp:878:6:void Error_Handler()	0	static
