C:/test/4F-Fish_Farmer/MyApplication/Core/Src/main.cpp:733:6:void Bluetooth_Receive_Callback(uint8_t*, uint16_t)	16	static
C:/test/4F-Fish_Farmer/MyApplication/Core/Src/main.cpp:824:6:void StartDefaultTask(void*)	8	static
C:/test/4F-Fish_Farmer/MyApplication/Core/Src/main.cpp:842:6:void BLE_Task(void*)	8	static
C:/test/4F-Fish_Farmer/MyApplication/Core/Src/main.cpp:747:6:void Bluetooth_Transmit_Callback()	0	static
C:/test/4F-Fish_Farmer/MyApplication/Core/Src/main.cpp:254:6:void SystemClock_Config()	88	static
C:/test/4F-Fish_Farmer/MyApplication/Core/Src/main.cpp:143:5:int main()	120	static,ignoring_inline_asm
C:/test/4F-Fish_Farmer/MyApplication/Core/Src/main.cpp:752:6:void HAL_UART_TxCpltCallback(UART_HandleTypeDef*)	0	static
C:/test/4F-Fish_Farmer/MyApplication/Core/Src/main.cpp:762:6:void HAL_UART_RxCpltCallback(UART_HandleTypeDef*)	0	static
C:/test/4F-Fish_Farmer/MyApplication/Core/Src/main.cpp:771:6:void push_bt_button()	16	static
C:/test/4F-Fish_Farmer/MyApplication/Core/Src/main.cpp:781:6:void send_turnoff_air()	16	static
C:/test/4F-Fish_Farmer/MyApplication/Core/Src/main.cpp:790:6:void send_turnon_air()	24	static
C:/test/4F-Fish_Farmer/MyApplication/Core/Src/main.cpp:795:6:void send_turnoff_water()	24	static
C:/test/4F-Fish_Farmer/MyApplication/Core/Src/main.cpp:800:6:void send_turnon_water()	24	static
C:/test/4F-Fish_Farmer/MyApplication/Core/Src/main.cpp:805:6:void send_turnoff_led()	24	static
C:/test/4F-Fish_Farmer/MyApplication/Core/Src/main.cpp:810:6:void send_turnon_led()	24	static
C:/test/4F-Fish_Farmer/MyApplication/Core/Src/main.cpp:902:6:void HAL_TIM_PeriodElapsedCallback(TIM_HandleTypeDef*)	0	static
C:/test/4F-Fish_Farmer/MyApplication/Core/Src/main.cpp:919:6:void Error_Handler()	0	static
