C:/TouchGFXProjects/test2/4F-Fish_Farmer/MyApplication/Core/Src/main.cpp:733:6:void Bluetooth_Receive_Callback(uint8_t*, uint16_t)	8	static
C:/TouchGFXProjects/test2/4F-Fish_Farmer/MyApplication/Core/Src/main.cpp:780:6:void StartDefaultTask(void*)	8	static
C:/TouchGFXProjects/test2/4F-Fish_Farmer/MyApplication/Core/Src/main.cpp:798:6:void BLE_Task(void*)	8	static
C:/TouchGFXProjects/test2/4F-Fish_Farmer/MyApplication/Core/Src/main.cpp:739:6:void Bluetooth_Transmit_Callback()	0	static
C:/TouchGFXProjects/test2/4F-Fish_Farmer/MyApplication/Core/Src/main.cpp:254:6:void SystemClock_Config()	88	static
C:/TouchGFXProjects/test2/4F-Fish_Farmer/MyApplication/Core/Src/main.cpp:143:5:int main()	120	static,ignoring_inline_asm
C:/TouchGFXProjects/test2/4F-Fish_Farmer/MyApplication/Core/Src/main.cpp:744:6:void HAL_UART_TxCpltCallback(UART_HandleTypeDef*)	0	static
C:/TouchGFXProjects/test2/4F-Fish_Farmer/MyApplication/Core/Src/main.cpp:754:6:void HAL_UART_RxCpltCallback(UART_HandleTypeDef*)	0	static
C:/TouchGFXProjects/test2/4F-Fish_Farmer/MyApplication/Core/Src/main.cpp:761:6:void push_bt_button()	16	static
C:/TouchGFXProjects/test2/4F-Fish_Farmer/MyApplication/Core/Src/main.cpp:858:6:void HAL_TIM_PeriodElapsedCallback(TIM_HandleTypeDef*)	0	static
C:/TouchGFXProjects/test2/4F-Fish_Farmer/MyApplication/Core/Src/main.cpp:875:6:void Error_Handler()	0	static
